../Core/Src/main.c:144:6:HAL_I2C_MemRxCpltCallback	16	static
../Core/Src/main.c:154:6:HAL_UART_TxCpltCallback	16	static
../Core/Src/main.c:166:6:HAL_ADC_ConvHalfCpltCallback	16	static
../Core/Src/main.c:183:6:HAL_DAC_ConvCpltCallbackCh1	16	static
../Core/Src/main.c:188:6:HAL_DACEx_ConvCpltCallbackCh2	16	static
../Core/Src/main.c:198:6:audioPlayback	16	static
../Core/Src/main.c:211:6:thermalImgFSM	8	static
../Core/Src/main.c:245:6:motorControl	8	static
../Core/Src/main.c:268:5:main	16	static
../Core/Src/main.c:369:6:SystemClock_Config	88	static
../Core/Src/main.c:416:13:MX_ADC1_Init	24	static
../Core/Src/main.c:468:13:MX_ADC2_Init	24	static
../Core/Src/main.c:520:13:MX_ADC3_Init	24	static
../Core/Src/main.c:572:13:MX_DAC_Init	16	static
../Core/Src/main.c:619:13:MX_I2C1_Init	8	static
../Core/Src/main.c:653:13:MX_TIM2_Init	32	static
../Core/Src/main.c:698:13:MX_TIM6_Init	16	static
../Core/Src/main.c:736:13:MX_TIM7_Init	16	static
../Core/Src/main.c:774:13:MX_USART3_UART_Init	8	static
../Core/Src/main.c:805:13:MX_DMA_Init	16	static
../Core/Src/main.c:839:13:MX_GPIO_Init	40	static
../Core/Src/main.c:878:6:HAL_GPIO_EXTI_Callback	16	static
../Core/Src/main.c:894:6:HAL_TIM_PeriodElapsedCallback	16	static
../Core/Src/main.c:917:6:Error_Handler	4	static,ignoring_inline_asm
