../Core/Src/main.c:288:6:HAL_I2C_MemRxCpltCallback	16	static
../Core/Src/main.c:298:6:HAL_UART_TxCpltCallback	16	static
../Core/Src/main.c:317:6:thermalImgFSM	8	static
../Core/Src/main.c:350:6:HAL_GPIO_EXTI_Callback	16	static
../Core/Src/main.c:369:6:targetDetect	8	static
../Core/Src/main.c:447:6:HAL_ADC_ConvHalfCpltCallback	16	static
../Core/Src/main.c:474:6:HAL_DAC_ConvCpltCallbackCh1	16	static
../Core/Src/main.c:484:6:HAL_DACEx_ConvCpltCallbackCh2	16	static
../Core/Src/main.c:530:6:audioPlayback	16	static
../Core/Src/main.c:552:6:audioPreproc	48	static
../Core/Src/main.c:678:6:xcor	104	static
../Core/Src/main.c:778:6:logMotor	32	static
../Core/Src/main.c:788:6:motorControl	16	static
../Core/Src/main.c:818:6:initCalibration	4	static
../Core/Src/main.c:822:6:initSSL	16	static
../Core/Src/main.c:862:5:main	24	static
../Core/Src/main.c:1017:6:SystemClock_Config	88	static
../Core/Src/main.c:1064:13:MX_ADC1_Init	24	static
../Core/Src/main.c:1116:13:MX_ADC2_Init	24	static
../Core/Src/main.c:1168:13:MX_ADC3_Init	24	static
../Core/Src/main.c:1220:13:MX_DAC_Init	16	static
../Core/Src/main.c:1267:13:MX_I2C1_Init	8	static
../Core/Src/main.c:1301:13:MX_TIM2_Init	32	static
../Core/Src/main.c:1346:13:MX_TIM3_Init	32	static
../Core/Src/main.c:1391:13:MX_TIM4_Init	32	static
../Core/Src/main.c:1436:13:MX_TIM6_Init	16	static
../Core/Src/main.c:1474:13:MX_TIM7_Init	16	static
../Core/Src/main.c:1512:13:MX_TIM10_Init	8	static
../Core/Src/main.c:1543:13:MX_USART3_UART_Init	8	static
../Core/Src/main.c:1576:13:MX_USART6_UART_Init	8	static
../Core/Src/main.c:1607:13:MX_DMA_Init	16	static
../Core/Src/main.c:1644:13:MX_GPIO_Init	48	static
../Core/Src/main.c:1717:6:HAL_TIM_PeriodElapsedCallback	16	static
../Core/Src/main.c:1780:6:Error_Handler	4	static,ignoring_inline_asm
