../Core/Src/main.c:264:6:HAL_GPIO_EXTI_Callback	16	static
../Core/Src/main.c:275:6:HAL_I2C_MemRxCpltCallback	16	static
../Core/Src/main.c:285:6:HAL_UART_TxCpltCallback	16	static
../Core/Src/main.c:296:6:thermalImgFSM	8	static
../Core/Src/main.c:334:6:HAL_ADC_ConvHalfCpltCallback	16	static
../Core/Src/main.c:361:6:HAL_DAC_ConvCpltCallbackCh1	16	static
../Core/Src/main.c:371:6:HAL_DACEx_ConvCpltCallbackCh2	16	static
../Core/Src/main.c:386:6:HAL_ADC_ConvCpltCallback	16	static
../Core/Src/main.c:417:6:audioPlayback	16	static
../Core/Src/main.c:439:6:audioPreproc	56	static
../Core/Src/main.c:556:6:xcor	16	static
../Core/Src/main.c:576:6:logMotor	32	static
../Core/Src/main.c:584:6:motorControl	16	static
../Core/Src/main.c:610:6:initCalibration	16	static
../Core/Src/main.c:618:6:initSSL	16	static
../Core/Src/main.c:655:5:main	24	static
../Core/Src/main.c:817:6:SystemClock_Config	88	static
../Core/Src/main.c:864:13:MX_ADC1_Init	24	static
../Core/Src/main.c:916:13:MX_ADC2_Init	24	static
../Core/Src/main.c:968:13:MX_ADC3_Init	24	static
../Core/Src/main.c:1020:13:MX_DAC_Init	16	static
../Core/Src/main.c:1067:13:MX_I2C1_Init	8	static
../Core/Src/main.c:1101:13:MX_TIM2_Init	32	static
../Core/Src/main.c:1146:13:MX_TIM4_Init	32	static
../Core/Src/main.c:1191:13:MX_TIM6_Init	16	static
../Core/Src/main.c:1229:13:MX_TIM7_Init	16	static
../Core/Src/main.c:1267:13:MX_TIM10_Init	8	static
../Core/Src/main.c:1298:13:MX_USART3_UART_Init	8	static
../Core/Src/main.c:1331:13:MX_USART6_UART_Init	8	static
../Core/Src/main.c:1362:13:MX_DMA_Init	16	static
../Core/Src/main.c:1399:13:MX_GPIO_Init	48	static
../Core/Src/main.c:1463:6:HAL_TIM_PeriodElapsedCallback	16	static
../Core/Src/main.c:1511:6:Error_Handler	4	static,ignoring_inline_asm
