../Core/Src/main.c:281:6:HAL_I2C_MemRxCpltCallback	16	static
../Core/Src/main.c:291:6:HAL_UART_TxCpltCallback	16	static
../Core/Src/main.c:310:6:thermalImgFSM	8	static
../Core/Src/main.c:355:6:HAL_ADC_ConvHalfCpltCallback	16	static
../Core/Src/main.c:382:6:HAL_DAC_ConvCpltCallbackCh1	16	static
../Core/Src/main.c:392:6:HAL_DACEx_ConvCpltCallbackCh2	16	static
../Core/Src/main.c:409:6:audioPlayback	24	static
../Core/Src/main.c:455:6:audioPreproc	48	static
../Core/Src/main.c:583:6:HAL_GPIO_EXTI_Callback	16	static
../Core/Src/main.c:606:6:searchWhilePlay	16	static
../Core/Src/main.c:622:6:targetDetect	8	static
../Core/Src/main.c:687:6:xcor	104	static
../Core/Src/main.c:787:6:logMotor	32	static
../Core/Src/main.c:797:6:motorControl	16	static
../Core/Src/main.c:827:6:initCalibration	4	static
../Core/Src/main.c:834:6:initSSL	8	static
../Core/Src/main.c:860:5:main	32	static
../Core/Src/main.c:1025:6:SystemClock_Config	88	static
../Core/Src/main.c:1072:13:MX_ADC1_Init	24	static
../Core/Src/main.c:1124:13:MX_ADC2_Init	24	static
../Core/Src/main.c:1176:13:MX_ADC3_Init	24	static
../Core/Src/main.c:1228:13:MX_DAC_Init	16	static
../Core/Src/main.c:1275:13:MX_I2C1_Init	8	static
../Core/Src/main.c:1309:13:MX_TIM2_Init	32	static
../Core/Src/main.c:1354:13:MX_TIM4_Init	32	static
../Core/Src/main.c:1399:13:MX_TIM6_Init	16	static
../Core/Src/main.c:1437:13:MX_TIM7_Init	16	static
../Core/Src/main.c:1475:13:MX_TIM10_Init	8	static
../Core/Src/main.c:1506:13:MX_USART3_UART_Init	8	static
../Core/Src/main.c:1539:13:MX_USART6_UART_Init	8	static
../Core/Src/main.c:1570:13:MX_DMA_Init	16	static
../Core/Src/main.c:1607:13:MX_GPIO_Init	48	static
../Core/Src/main.c:1680:6:HAL_TIM_PeriodElapsedCallback	16	static
../Core/Src/main.c:1739:6:Error_Handler	4	static,ignoring_inline_asm
