../Core/Src/main.c:286:6:HAL_I2C_MemRxCpltCallback	16	static
../Core/Src/main.c:296:6:HAL_UART_TxCpltCallback	16	static
../Core/Src/main.c:315:6:thermalImgFSM	8	static
../Core/Src/main.c:360:6:HAL_ADC_ConvHalfCpltCallback	16	static
../Core/Src/main.c:387:6:HAL_DAC_ConvCpltCallbackCh1	16	static
../Core/Src/main.c:397:6:HAL_DACEx_ConvCpltCallbackCh2	16	static
../Core/Src/main.c:414:6:audioPlayback	24	static
../Core/Src/main.c:458:6:audioPreproc	48	static
../Core/Src/main.c:586:6:HAL_GPIO_EXTI_Callback	16	static
../Core/Src/main.c:609:6:searchWhilePlay	16	static
../Core/Src/main.c:625:6:targetDetect	8	static
../Core/Src/main.c:688:6:xcor	104	static
../Core/Src/main.c:788:6:logMotor	32	static
../Core/Src/main.c:798:6:motorControl	16	static
../Core/Src/main.c:828:6:initCalibration	4	static
../Core/Src/main.c:835:6:initSSL	8	static
../Core/Src/main.c:862:5:main	32	static
../Core/Src/main.c:1026:6:SystemClock_Config	88	static
../Core/Src/main.c:1073:13:MX_ADC1_Init	24	static
../Core/Src/main.c:1125:13:MX_ADC2_Init	24	static
../Core/Src/main.c:1177:13:MX_ADC3_Init	24	static
../Core/Src/main.c:1229:13:MX_DAC_Init	16	static
../Core/Src/main.c:1276:13:MX_I2C1_Init	8	static
../Core/Src/main.c:1310:13:MX_TIM2_Init	32	static
../Core/Src/main.c:1355:13:MX_TIM4_Init	32	static
../Core/Src/main.c:1400:13:MX_TIM6_Init	16	static
../Core/Src/main.c:1438:13:MX_TIM7_Init	16	static
../Core/Src/main.c:1476:13:MX_TIM10_Init	8	static
../Core/Src/main.c:1507:13:MX_USART3_UART_Init	8	static
../Core/Src/main.c:1540:13:MX_USART6_UART_Init	8	static
../Core/Src/main.c:1571:13:MX_DMA_Init	16	static
../Core/Src/main.c:1608:13:MX_GPIO_Init	48	static
../Core/Src/main.c:1681:6:HAL_TIM_PeriodElapsedCallback	16	static
../Core/Src/main.c:1740:6:Error_Handler	4	static,ignoring_inline_asm
