../Core/Src/main.c:195:6:HAL_GPIO_EXTI_Callback	16	static
../Core/Src/main.c:206:6:HAL_I2C_MemRxCpltCallback	16	static
../Core/Src/main.c:216:6:HAL_UART_TxCpltCallback	16	static
../Core/Src/main.c:228:6:HAL_ADC_ConvHalfCpltCallback	16	static
../Core/Src/main.c:247:6:HAL_DAC_ConvCpltCallbackCh1	16	static
../Core/Src/main.c:253:6:HAL_DACEx_ConvCpltCallbackCh2	16	static
../Core/Src/main.c:264:6:audioPlayback	16	static
../Core/Src/main.c:304:6:thermalImgFSM	8	static
../Core/Src/main.c:334:6:logMotor	32	static
../Core/Src/main.c:342:6:motorControl	16	static
../Core/Src/main.c:368:6:initCalibration	16	static
../Core/Src/main.c:376:6:initSSL	8	static
../Core/Src/main.c:393:5:main	24	static
../Core/Src/main.c:535:6:SystemClock_Config	88	static
../Core/Src/main.c:582:13:MX_ADC1_Init	24	static
../Core/Src/main.c:634:13:MX_ADC2_Init	24	static
../Core/Src/main.c:686:13:MX_ADC3_Init	24	static
../Core/Src/main.c:738:13:MX_DAC_Init	16	static
../Core/Src/main.c:785:13:MX_I2C1_Init	8	static
../Core/Src/main.c:819:13:MX_TIM2_Init	32	static
../Core/Src/main.c:864:13:MX_TIM4_Init	32	static
../Core/Src/main.c:909:13:MX_TIM6_Init	16	static
../Core/Src/main.c:947:13:MX_TIM7_Init	16	static
../Core/Src/main.c:985:13:MX_TIM10_Init	8	static
../Core/Src/main.c:1016:13:MX_USART3_UART_Init	8	static
../Core/Src/main.c:1049:13:MX_USART6_UART_Init	8	static
../Core/Src/main.c:1080:13:MX_DMA_Init	16	static
../Core/Src/main.c:1117:13:MX_GPIO_Init	48	static
../Core/Src/main.c:1171:6:HAL_TIM_PeriodElapsedCallback	16	static
../Core/Src/main.c:1213:6:Error_Handler	4	static,ignoring_inline_asm
