../Core/Src/main.c:95:6:HAL_I2C_MemRxCpltCallback	16	static
../Core/Src/main.c:101:6:HAL_UART_TxCpltCallback	16	static
../Core/Src/main.c:112:5:main	24	static
../Core/Src/main.c:225:6:SystemClock_Config	88	static
../Core/Src/main.c:272:13:MX_ADC3_Init	24	static
../Core/Src/main.c:324:13:MX_I2C1_Init	8	static
../Core/Src/main.c:358:13:MX_TIM6_Init	16	static
../Core/Src/main.c:396:13:MX_USART2_UART_Init	8	static
../Core/Src/main.c:427:13:MX_DMA_Init	16	static
../Core/Src/main.c:448:13:MX_GPIO_Init	40	static
../Core/Src/main.c:484:6:HAL_TIM_PeriodElapsedCallback	16	static
../Core/Src/main.c:505:6:Error_Handler	4	static,ignoring_inline_asm
