../Core/Src/main.c:142:6:HAL_I2C_MemRxCpltCallback	16	static
../Core/Src/main.c:152:6:HAL_UART_TxCpltCallback	16	static
../Core/Src/main.c:164:6:HAL_ADC_ConvHalfCpltCallback	16	static
../Core/Src/main.c:181:6:HAL_DAC_ConvCpltCallbackCh1	16	static
../Core/Src/main.c:194:6:audioPlayback	16	static
../Core/Src/main.c:207:6:thermalImgFSM	8	static
../Core/Src/main.c:241:6:motorControl	8	static
../Core/Src/main.c:258:5:main	16	static
../Core/Src/main.c:356:6:SystemClock_Config	88	static
../Core/Src/main.c:403:13:MX_ADC1_Init	24	static
../Core/Src/main.c:455:13:MX_ADC2_Init	24	static
../Core/Src/main.c:507:13:MX_ADC3_Init	24	static
../Core/Src/main.c:559:13:MX_DAC_Init	16	static
../Core/Src/main.c:606:13:MX_I2C1_Init	8	static
../Core/Src/main.c:640:13:MX_TIM2_Init	32	static
../Core/Src/main.c:685:13:MX_TIM6_Init	16	static
../Core/Src/main.c:723:13:MX_USART3_UART_Init	8	static
../Core/Src/main.c:754:13:MX_DMA_Init	16	static
../Core/Src/main.c:788:13:MX_GPIO_Init	40	static
../Core/Src/main.c:824:6:HAL_TIM_PeriodElapsedCallback	16	static
../Core/Src/main.c:844:6:Error_Handler	4	static,ignoring_inline_asm
