../Core/Src/main.c:132:6:HAL_I2C_MemRxCpltCallback	16	static
../Core/Src/main.c:142:6:HAL_UART_TxCpltCallback	16	static
../Core/Src/main.c:154:6:HAL_ADC_ConvHalfCpltCallback	16	static
../Core/Src/main.c:166:6:HAL_DAC_ConvCpltCallbackCh1	16	static
../Core/Src/main.c:176:6:audioPlayback	16	static
../Core/Src/main.c:188:6:thermalImgFSM	8	static
../Core/Src/main.c:218:6:motorControl	8	static
../Core/Src/main.c:235:5:main	16	static
../Core/Src/main.c:337:6:SystemClock_Config	88	static
../Core/Src/main.c:384:13:MX_ADC1_Init	24	static
../Core/Src/main.c:436:13:MX_ADC3_Init	24	static
../Core/Src/main.c:488:13:MX_DAC_Init	16	static
../Core/Src/main.c:528:13:MX_I2C1_Init	8	static
../Core/Src/main.c:562:13:MX_TIM2_Init	32	static
../Core/Src/main.c:607:13:MX_TIM6_Init	16	static
../Core/Src/main.c:645:13:MX_USART2_UART_Init	8	static
../Core/Src/main.c:676:13:MX_DMA_Init	16	static
../Core/Src/main.c:704:13:MX_GPIO_Init	40	static
../Core/Src/main.c:740:6:HAL_TIM_PeriodElapsedCallback	16	static
../Core/Src/main.c:760:6:Error_Handler	4	static,ignoring_inline_asm
