../Core/Src/main.c:89:6:MemRxCpltCallback	16	static
../Core/Src/main.c:101:5:main	24	static
../Core/Src/main.c:182:6:SystemClock_Config	88	static
../Core/Src/main.c:229:13:MX_ADC3_Init	24	static
../Core/Src/main.c:281:13:MX_I2C1_Init	8	static
../Core/Src/main.c:315:13:MX_TIM6_Init	16	static
../Core/Src/main.c:353:13:MX_USART2_UART_Init	8	static
../Core/Src/main.c:384:13:MX_DMA_Init	16	static
../Core/Src/main.c:402:13:MX_GPIO_Init	40	static
../Core/Src/main.c:438:6:HAL_TIM_PeriodElapsedCallback	16	static
../Core/Src/main.c:460:6:Error_Handler	4	static,ignoring_inline_asm
