../Core/Src/main.c:193:6:HAL_GPIO_EXTI_Callback	16	static
../Core/Src/main.c:204:6:HAL_I2C_MemRxCpltCallback	16	static
../Core/Src/main.c:214:6:HAL_UART_TxCpltCallback	16	static
../Core/Src/main.c:226:6:HAL_ADC_ConvHalfCpltCallback	16	static
../Core/Src/main.c:245:6:HAL_DAC_ConvCpltCallbackCh1	16	static
../Core/Src/main.c:251:6:HAL_DACEx_ConvCpltCallbackCh2	16	static
../Core/Src/main.c:262:6:audioPlayback	16	static
../Core/Src/main.c:302:6:thermalImgFSM	8	static
../Core/Src/main.c:332:6:logMotor	32	static
../Core/Src/main.c:340:6:motorControl	16	static
../Core/Src/main.c:366:6:initCalibration	16	static
../Core/Src/main.c:374:6:initSSL	8	static
../Core/Src/main.c:391:5:main	24	static
../Core/Src/main.c:532:6:SystemClock_Config	88	static
../Core/Src/main.c:579:13:MX_ADC1_Init	24	static
../Core/Src/main.c:631:13:MX_ADC2_Init	24	static
../Core/Src/main.c:683:13:MX_ADC3_Init	24	static
../Core/Src/main.c:735:13:MX_DAC_Init	16	static
../Core/Src/main.c:782:13:MX_I2C1_Init	8	static
../Core/Src/main.c:816:13:MX_TIM2_Init	32	static
../Core/Src/main.c:861:13:MX_TIM6_Init	16	static
../Core/Src/main.c:899:13:MX_TIM7_Init	16	static
../Core/Src/main.c:937:13:MX_TIM10_Init	8	static
../Core/Src/main.c:968:13:MX_USART3_UART_Init	8	static
../Core/Src/main.c:1001:13:MX_USART6_UART_Init	8	static
../Core/Src/main.c:1032:13:MX_DMA_Init	16	static
../Core/Src/main.c:1069:13:MX_GPIO_Init	48	static
../Core/Src/main.c:1123:6:HAL_TIM_PeriodElapsedCallback	16	static
../Core/Src/main.c:1162:6:Error_Handler	4	static,ignoring_inline_asm
