../Core/Src/main.c:108:6:HAL_I2C_MemRxCpltCallback	16	static
../Core/Src/main.c:115:6:HAL_UART_TxCpltCallback	16	static
../Core/Src/main.c:127:6:thermalImgFSM	8	static
../Core/Src/main.c:163:6:motorControl	8	static
../Core/Src/main.c:181:5:main	16	static
../Core/Src/main.c:258:6:SystemClock_Config	88	static
../Core/Src/main.c:305:13:MX_ADC1_Init	24	static
../Core/Src/main.c:357:13:MX_ADC3_Init	24	static
../Core/Src/main.c:409:13:MX_DAC_Init	16	static
../Core/Src/main.c:449:13:MX_I2C1_Init	8	static
../Core/Src/main.c:483:13:MX_TIM2_Init	32	static
../Core/Src/main.c:528:13:MX_TIM6_Init	16	static
../Core/Src/main.c:566:13:MX_USART2_UART_Init	8	static
../Core/Src/main.c:597:13:MX_DMA_Init	16	static
../Core/Src/main.c:625:13:MX_GPIO_Init	40	static
../Core/Src/main.c:661:6:HAL_TIM_PeriodElapsedCallback	16	static
../Core/Src/main.c:682:6:Error_Handler	4	static,ignoring_inline_asm
