../Core/Src/stm32f4xx_it.c:82:6:NMI_Handler	4	static
../Core/Src/stm32f4xx_it.c:97:6:HardFault_Handler	4	static
../Core/Src/stm32f4xx_it.c:112:6:MemManage_Handler	4	static
../Core/Src/stm32f4xx_it.c:127:6:BusFault_Handler	4	static
../Core/Src/stm32f4xx_it.c:142:6:UsageFault_Handler	4	static
../Core/Src/stm32f4xx_it.c:157:6:SVC_Handler	4	static
../Core/Src/stm32f4xx_it.c:170:6:DebugMon_Handler	4	static
../Core/Src/stm32f4xx_it.c:183:6:PendSV_Handler	4	static
../Core/Src/stm32f4xx_it.c:196:6:SysTick_Handler	4	static
../Core/Src/stm32f4xx_it.c:217:6:EXTI0_IRQHandler	8	static
../Core/Src/stm32f4xx_it.c:231:6:DMA1_Stream0_IRQHandler	8	static
../Core/Src/stm32f4xx_it.c:245:6:DMA1_Stream3_IRQHandler	8	static
../Core/Src/stm32f4xx_it.c:259:6:DMA1_Stream5_IRQHandler	8	static
../Core/Src/stm32f4xx_it.c:273:6:DMA1_Stream6_IRQHandler	8	static
../Core/Src/stm32f4xx_it.c:287:6:TIM1_UP_TIM10_IRQHandler	8	static
../Core/Src/stm32f4xx_it.c:301:6:I2C1_EV_IRQHandler	8	static
../Core/Src/stm32f4xx_it.c:315:6:USART3_IRQHandler	8	static
../Core/Src/stm32f4xx_it.c:329:6:TIM6_DAC_IRQHandler	8	static
../Core/Src/stm32f4xx_it.c:344:6:TIM7_IRQHandler	8	static
../Core/Src/stm32f4xx_it.c:358:6:DMA2_Stream0_IRQHandler	8	static
../Core/Src/stm32f4xx_it.c:372:6:DMA2_Stream2_IRQHandler	8	static
